I'm sorry, but errors were detected in your script. Please correct the
errors listed below, and try again.


File "game/options.rpy", line 197: unexpected indent
        config.main_menu_music = "music/HoveringGhost.ogg"
        ^
    

Ren'Py Version: Ren'Py 6.99.13.2919
